2026-07-14T18:48:40Z INF Thank you for trying Cloudflare Tunnel. Doing so, without a Cloudflare account, is a quick way to experiment and try it out. However, be aware that these account-less Tunnels have no uptime guarantee, are subject to the Cloudflare Online Services Terms of Use (https://www.cloudflare.com/website-terms/), and Cloudflare reserves the right to investigate your use of Tunnels for violations of such terms. If you intend to use Tunnels in production you should use a pre-created named tunnel by following: https://developers.cloudflare.com/cloudflare-one/connections/connect-apps
2026-07-14T18:48:40Z INF Requesting new quick Tunnel on trycloudflare.com...
2026-07-14T18:48:44Z INF +--------------------------------------------------------------------------------------------+
2026-07-14T18:48:44Z INF |  Your quick Tunnel has been created! Visit it at (it may take some time to be reachable):  |
2026-07-14T18:48:44Z INF |  https://donor-compression-regardless-micro.trycloudflare.com                              |
2026-07-14T18:48:44Z INF +--------------------------------------------------------------------------------------------+
2026-07-14T18:48:44Z INF Cannot determine default configuration path. No file [config.yml config.yaml] in [~/.cloudflared ~/.cloudflare-warp ~/cloudflare-warp]
2026-07-14T18:48:44Z INF Version 2026.7.1 (Checksum ccb0756de288d3c2c076d19764ca53e0849a10f2dd9c23f8656ac42bdeb45001)
2026-07-14T18:48:44Z INF GOOS: windows, GOVersion: go1.26.4, GoArch: amd64
2026-07-14T18:48:44Z INF Settings: map[ha-connections:1 protocol:quic url:http://localhost:8000]
2026-07-14T18:48:44Z INF cloudflared will not automatically update on Windows systems.
2026-07-14T18:48:44Z INF Generated Connector ID: 6d9df447-ae2c-4618-9652-341e28ecf598
2026-07-14T18:48:44Z INF Initial protocol quic
2026-07-14T18:48:44Z INF ICMP proxy will use 192.168.1.2 as source for IPv4
2026-07-14T18:48:44Z INF ICMP proxy will use fe80::4a0e:a10c:8662:7e27 in zone Ethernet as source for IPv6
2026-07-14T18:48:44Z INF cloudflared does not support loading the system root certificate pool on Windows. Please use --origin-ca-pool <PATH> to specify the path to the certificate pool
2026-07-14T18:48:44Z INF ICMP proxy will use 192.168.1.2 as source for IPv4
2026-07-14T18:48:44Z INF Tunnel connection curve preferences: [X25519MLKEM768 CurveID(65074) CurveP256] connIndex=0 event=0 ip=198.41.192.167
2026-07-14T18:48:44Z INF ICMP proxy will use fe80::4a0e:a10c:8662:7e27 in zone Ethernet as source for IPv6
2026-07-14T18:48:44Z INF Starting metrics server on 127.0.0.1:20241/metrics
2026-07-14T18:48:44Z INF +-------------------------------------------------------------------------------------+
2026-07-14T18:48:44Z INF |                               CONNECTIVITY PRE-CHECKS                               |
2026-07-14T18:48:44Z INF +-------------------------------------------------------------------------------------+
2026-07-14T18:48:44Z INF |  COMPONENT         TARGET                     STATUS  DETAILS                       |
2026-07-14T18:48:44Z INF |  DNS Resolution    region1.v2.argotunnel.com  PASS    DNS Resolved successfully     |
2026-07-14T18:48:44Z INF |  DNS Resolution    region2.v2.argotunnel.com  PASS    DNS Resolved successfully     |
2026-07-14T18:48:44Z INF |  UDP Connectivity  region1.v2.argotunnel.com  PASS    QUIC connection successful    |
2026-07-14T18:48:44Z INF |  UDP Connectivity  region2.v2.argotunnel.com  PASS    QUIC connection successful    |
2026-07-14T18:48:44Z INF |  TCP Connectivity  region1.v2.argotunnel.com  PASS    HTTP/2 connection successful  |
2026-07-14T18:48:44Z INF |  TCP Connectivity  region2.v2.argotunnel.com  PASS    HTTP/2 connection successful  |
2026-07-14T18:48:44Z INF |  Cloudflare API    api.cloudflare.com:443     PASS    API is reachable              |
2026-07-14T18:48:44Z INF |                                                                                     |
2026-07-14T18:48:44Z INF |  SUMMARY: Environment is healthy. cloudflared will use 'quic' as primary protocol.  |
2026-07-14T18:48:44Z INF +-------------------------------------------------------------------------------------+
2026-07-14T18:48:44Z INF precheck component="DNS Resolution" details="DNS Resolved successfully" run_id=5d430ea2-2fff-4fda-a7b6-4305c1d056fb status=pass target=region1.v2.argotunnel.com
2026-07-14T18:48:44Z INF precheck component="DNS Resolution" details="DNS Resolved successfully" run_id=5d430ea2-2fff-4fda-a7b6-4305c1d056fb status=pass target=region2.v2.argotunnel.com
2026-07-14T18:48:44Z INF precheck component="UDP Connectivity" details="QUIC connection successful" run_id=5d430ea2-2fff-4fda-a7b6-4305c1d056fb status=pass target=region1.v2.argotunnel.com
2026-07-14T18:48:44Z INF precheck component="UDP Connectivity" details="QUIC connection successful" run_id=5d430ea2-2fff-4fda-a7b6-4305c1d056fb status=pass target=region2.v2.argotunnel.com
2026-07-14T18:48:44Z INF precheck component="TCP Connectivity" details="HTTP/2 connection successful" run_id=5d430ea2-2fff-4fda-a7b6-4305c1d056fb status=pass target=region1.v2.argotunnel.com
2026-07-14T18:48:44Z INF precheck component="TCP Connectivity" details="HTTP/2 connection successful" run_id=5d430ea2-2fff-4fda-a7b6-4305c1d056fb status=pass target=region2.v2.argotunnel.com
2026-07-14T18:48:44Z INF precheck component="Cloudflare API" details="API is reachable" run_id=5d430ea2-2fff-4fda-a7b6-4305c1d056fb status=pass target=api.cloudflare.com:443
2026-07-14T18:48:44Z INF precheck complete hard_fail=false run_id=5d430ea2-2fff-4fda-a7b6-4305c1d056fb suggested_protocol=quic
2026-07-14T18:48:44Z INF Registered tunnel connection connIndex=0 connection=da0f3bc7-181a-46e4-a58b-5d4e12840f05 event=0 ip=198.41.192.167 location=bog04 protocol=quic
